---
source: workspaces/tilings/src-rust/tiling/src/./path_tests.rs
expression: "Path::default().with_type_ahead(true).from_string(\"3-\")"
---
Ok(
    Path {
        option_type_ahead: true,
        nodes: [
            Seed(
                Seed {
                    shape: Triangle,
                    offset: Center,
                },
            ),
            Separator(
                Group,
            ),
        ],
    },
)
