---
source: workspaces/tilings/src-rust/tiling/src/geometry/./convex_hull_tests.rs
expression: convex_hull
---
{
  "points": [
    {
      "x": 0.70711,
      "y": 0.70711,
      "index": 0
    },
    {
      "x": -0.70711,
      "y": 0.70711,
      "index": 1
    },
    {
      "x": -0.70711,
      "y": -0.70711,
      "index": 2
    },
    {
      "x": 0.70711,
      "y": -0.70711,
      "index": 3
    }
  ]
}
