---
source: workspaces/spatial-grid-map/src-rust/./location_tests.rs
expression: "Location::new(1.0, Point(7.0 - TOLERANCE_COORDINATE * 0.5, 7.0), None)"
---
Location {
    key: (
        7,
        7,
    ),
    point: Point(
        6.9995,
        7.0,
    ),
    distance: 9.899141389534751,
    radians: 2.3562302057536,
}
