---
source: workspaces/spatial-grid-map/src-rust/./location_tests.rs
expression: "Location::new(2, 1.0, Point(7.5, -7.5))"
---
Location {
    key: (
        7,
        -8,
    ),
    point: Point(
        7.5,
        -7.5,
    ),
    block_index: 2,
    bit_index: 7,
    contained: true,
    distance: 10.606602,
    radians: 0.7853982,
}
