---
source: workspaces/spatial-grid-map/src-rust/./location_tests.rs
expression: "Location::new(2, 1.0, (7.5, 0.0))"
---
Location {
    key: (
        7,
        0,
    ),
    block_index: 6,
    bit_index: 7,
    point: (
        7.5,
        0.0,
    ),
    distance: 7.5,
    radians: 1.5707963267948966,
    contained: true,
}
