---
source: workspaces/spatial-grid-map/src-rust/./location_tests.rs
expression: "Location::new(2, 1.0, Point(-7.5, -7.5))"
---
Location {
    key: (
        -8,
        -8,
    ),
    block_index: 0,
    bit_index: 0,
    point: Point(
        -7.5,
        -7.5,
    ),
    distance: 10.606602,
    radians: 5.4977875,
    contained: true,
}
