---
source: workspaces/spatial-grid-map/src-rust/./location_tests.rs
expression: "Location::new(2, 1.0, Point(7.5, 7.5))"
---
Location {
    key: (
        7,
        7,
    ),
    block_index: 7,
    bit_index: 31,
    point: Point(
        7.5,
        7.5,
    ),
    distance: 10.606602,
    radians: 2.3561945,
    contained: true,
}
