---
source: workspaces/tilings/src-rust/tiling/src/./tiling_tests.rs
expression: NEXT_WITH_TRANSFORMS
---
[
    "3/m30/m(h2)",
    "3/m30/r(h1)",
    "3/m30/r(h2)",
    "3/m30/r(h3)",
    "3/m60/m(h2)",
    "3/m60/r(h1)",
    "3/m60/r(h2)",
    "3/m60/r(h3)",
    "3/m90/r(h3)",
    "3/m120/m(h2)",
    "3/m120/r(h1)",
    "3/m120/r(h2)",
    "3/m120/r(h3)",
    "3/m150/m(h2)",
    "3/m150/r(h1)",
    "3/m150/r(h2)",
    "3/m150/r(h3)",
    "3/r60/m(h2)",
    "3/r60/r(h1)",
    "3/r60/r(h2)",
    "3/r60/r(h3)",
    "4/m45/m(h1)",
    "4/m45/m(h2)",
    "4/m45/m(h3)",
    "4/m45/m(h4)",
    "4/m45/r(h1)",
    "4/m45/r(h2)",
    "4/m45/r(h3)",
    "4/m45/r(h4)",
    "4/m135/m(h1)",
    "4/m135/m(h2)",
    "4/m135/m(h3)",
    "4/m135/m(h4)",
    "4/m135/r(h1)",
    "4/m135/r(h2)",
    "4/m135/r(h3)",
    "4/m135/r(h4)",
    "4/r90/m(h1)",
    "4/r90/m(h2)",
    "4/r90/m(h3)",
    "4/r90/m(h4)",
    "4/r90/r(h1)",
    "4/r90/r(h2)",
    "4/r90/r(h3)",
    "4/r90/r(h4)",
    "6/m30/m(h1)",
    "6/m30/m(h2)",
    "6/m30/m(h3)",
    "6/m30/m(h4)",
    "6/m30/m(h5)",
    "6/m30/m(h6)",
    "6/m30/r(h1)",
    "6/m30/r(h2)",
    "6/m30/r(h3)",
    "6/m30/r(h4)",
    "6/m30/r(h5)",
    "6/m30/r(h6)",
    "6/m90/r(h2)",
    "6/m90/r(h3)",
    "6/m90/r(h5)",
    "6/m90/r(h6)",
    "6/m150/m(h1)",
    "6/m150/m(h2)",
    "6/m150/m(h3)",
    "6/m150/m(h4)",
    "6/m150/m(h5)",
    "6/m150/m(h6)",
    "6/m150/r(h1)",
    "6/m150/r(h2)",
    "6/m150/r(h3)",
    "6/m150/r(h4)",
    "6/m150/r(h5)",
    "6/m150/r(h6)",
    "6/r60/m(h1)",
    "6/r60/m(h2)",
    "6/r60/m(h3)",
    "6/r60/m(h4)",
    "6/r60/m(h5)",
    "6/r60/m(h6)",
    "6/r60/r(h1)",
    "6/r60/r(h2)",
    "6/r60/r(h3)",
    "6/r60/r(h4)",
    "6/r60/r(h5)",
    "6/r60/r(h6)",
    "3-3/m30/m(h2)",
    "3-3/m30/m(h3)",
    "3-3/m30/m(h4)",
    "3-3/m30/m(v2)",
    "3-3/m30/m(v4)",
    "3-3/m30/r(h1)",
    "3-3/m30/r(h2)",
    "3-3/m30/r(h3)",
    "3-3/m30/r(h4)",
    "3-3/m30/r(h5)",
    "3-3/m30/r(v2)",
    "3-3/m30/r(v4)",
    "3-3/m60/m(h2)",
    "3-3/m60/m(h3)",
    "3-3/m60/m(h4)",
    "3-3/m60/r(h1)",
    "3-3/m60/r(h2)",
    "3-3/m60/r(h3)",
    "3-3/m60/r(h4)",
    "3-3/m60/r(h5)",
    "3-3/m90/r(h5)",
    "3-3/m120/m(h2)",
    "3-3/m120/m(h3)",
    "3-3/m120/m(h4)",
    "3-3/m120/r(h1)",
    "3-3/m120/r(h2)",
    "3-3/m120/r(h3)",
    "3-3/m120/r(h4)",
    "3-3/m120/r(h5)",
    "3-3/m150/m(h2)",
    "3-3/m150/m(h3)",
    "3-3/m150/m(h4)",
    "3-3/m150/m(v2)",
    "3-3/m150/m(v4)",
    "3-3/m150/r(h1)",
    "3-3/m150/r(h2)",
    "3-3/m150/r(h3)",
    "3-3/m150/r(h4)",
    "3-3/m150/r(h5)",
    "3-3/m150/r(v2)",
    "3-3/m150/r(v4)",
    "3-3/r60/m(h2)",
    "3-3/r60/m(h3)",
    "3-3/r60/m(h4)",
    "3-3/r60/m(v2)",
    "3-3/r60/m(v4)",
    "3-3/r60/r(h1)",
    "3-3/r60/r(h3)",
    "3-3/r60/r(h5)",
    "3-3/r60/r(v2)",
    "3-3/r60/r(v4)",
    "3-6/m30/m(c2)",
    "3-6/m30/m(h3)",
    "3-6/m30/m(h6)",
    "3-6/m30/r(c2)",
    "3-6/m30/r(h2)",
    "3-6/m30/r(h8)",
    "3-6/m60/m(c2)",
    "3-6/m60/m(h3)",
    "3-6/m60/m(h6)",
    "3-6/m60/r(c2)",
    "3-6/m120/m(c2)",
    "3-6/m120/m(h3)",
    "3-6/m120/m(h6)",
    "3-6/m120/r(c2)",
    "3-6/m150/m(c2)",
    "3-6/m150/m(h3)",
    "3-6/m150/m(h6)",
    "3-6/m150/r(c2)",
    "3-6/m150/r(h2)",
    "3-6/m150/r(h8)",
    "3-6/r60/m(c2)",
    "3-6/r60/m(h3)",
    "3-6/r60/m(h6)",
    "3-6/r60/r(c2)",
    "3-6/r60/r(h2)",
    "3-6/r60/r(h3)",
    "3-6/r60/r(h6)",
    "3-6/r60/r(h8)",
    "4-3/m90/r(h2)",
    "4-3/m90/r(h6)",
    "4-3/r90/m(h2)",
    "4-3/r90/m(h6)",
    "4-4/m45/m(h1)",
    "4-4/m45/m(h3)",
    "4-4/m45/m(h4)",
    "4-4/m45/m(h5)",
    "4-4/m45/m(h6)",
    "4-4/m45/m(h7)",
    "4-4/m45/m(v2)",
    "4-4/m45/m(v3)",
    "4-4/m45/m(v4)",
    "4-4/m45/m(v5)",
    "4-4/m45/r(h1)",
    "4-4/m45/r(h3)",
    "4-4/m45/r(h4)",
    "4-4/m45/r(h5)",
    "4-4/m45/r(h6)",
    "4-4/m45/r(h7)",
    "4-4/m45/r(v2)",
    "4-4/m45/r(v3)",
    "4-4/m45/r(v4)",
    "4-4/m45/r(v5)",
    "4-4/m90/r(v2)",
    "4-4/m90/r(v3)",
    "4-4/m90/r(v4)",
    "4-4/m90/r(v5)",
    "4-4/m135/m(h1)",
    "4-4/m135/m(h3)",
    "4-4/m135/m(h4)",
    "4-4/m135/m(h5)",
    "4-4/m135/m(h6)",
    "4-4/m135/m(h7)",
    "4-4/m135/m(v2)",
    "4-4/m135/m(v3)",
]
