---
source: workspaces/tilings/src-rust/tiling/src/geometry/./convex_hull_tests.rs
expression: convex_hull
---
{
  "points": [
    {
      "x": 0.0,
      "y": -0.0,
      "index": 0
    },
    {
      "x": 0.0,
      "y": -1.73205,
      "index": 1
    },
    {
      "x": 1.5,
      "y": -0.86603,
      "index": 2
    }
  ]
}
